bash: /Users/ethan/.rvm/scripts

/rvm: No such file or directory
]0;~/Desktop/Desktop/spam-filter[?1034hxxxxxx:spam-filter ethan$ gi[K[Kgti [K[K[Kit add [K remote [K[K[K[K[K[K[K[K[K[K[Kremote add origin https://github.com/mohanenm/spam-filter
fatal: remote origin already exists.
]0;~/Desktop/Desktop/spam-filterxxxxxx:spam-filter ethan$ giti[K init 
Initialized empty Git repository in /Users/ethan/Desktop/Desktop/spam-filter/.git/
]0;~/Desktop/Desktop/spam-filterxxxxxx:spam-filter ethan$ git [K[K[K[Kgit init remote add origin https://github.com/mohanenm/spam-filter
]0;~/Desktop/Desktop/spam-filterxxxxxx:spam-filter ethan$ git remot e[K[Ke -v
origin	https://github.com/mohanenm/spam-filter (fetch)
origin	https://github.com/mohanenm/spam-filter (push)
]0;~/Desktop/Desktop/spam-filterxxxxxx:spam-filter ethan$ git add . 
]0;~/Desktop/Desktop/spam-filterxxxxxx:spam-filter ethan$ git commit -m "first commit[Kt"
[master (root-commit) 5deb33b] first commit
 6 files changed, 105 insertions(+)
 create mode 100644 .Rproj.user/20B3FF0E/console06/189CEB49
 create mode 100644 .Rproj.user/20B3FF0E/console06/189CEB49.env
 create mode 100644 .Rproj.user/20B3FF0E/console06/INDEX001
 create mode 100644 .Rproj.user/20B3FF0E/sources/s-FF4689B2/lock_file
 create mode 100644 .Rproj.user/shared/notebooks/patch-chunk-names
 create mode 100644 spam-filter.Rproj
]0;~/Desktop/Desktop/spam-filterxxxxxx:spam-filter ethan$ g[Kgit pus[K[K[Kpush pro[K[K[Kor[K[K[K set origin-master
error: src refspec origin-master does not match any.
error: failed to push some refs to 'set'
]0;~/Desktop/Desktop/spam-filterxxxxxx:spam-filter ethan$ git push 
fatal: The current branch master has no upstream branch.
To push the current branch and set the remote as upstream, use

    git push --set-upstream origin master

]0;~/Desktop/Desktop/spam-filterxxxxxx:spam-filter ethan$   git push --set-upstream origin master
Counting objects: 14, done.
Delta compression using up to 4 threads.
Compressing objects:  11% (1/9)   Compressing objects:  22% (2/9)   Compressing objects:  33% (3/9)   Compressing objects:  44% (4/9)   Compressing objects:  55% (5/9)   Compressing objects:  66% (6/9)   Compressing objects:  77% (7/9)   Compressing objects:  88% (8/9)   Compressing objects: 100% (9/9)   Compressing objects: 100% (9/9), done.
Writing objects:   7% (1/14)   Writing objects:  14% (2/14)   Writing objects:  21% (3/14)   Writing objects:  28% (4/14)   Writing objects:  35% (5/14)   Writing objects:  42% (6/14)   Writing objects:  50% (7/14)   Writing objects:  57% (8/14)   Writing objects:  64% (9/14)   Writing objects:  71% (10/14)   Writing objects:  78% (11/14)   Writing objects:  85% (12/14)   Writing objects:  92% (13/14)   Writing objects: 100% (14/14)   Writing objects: 100% (14/14), 2.75 KiB | 0 bytes/s, done.
Total 14 (delta 0), reused 0 (delta 0)
To https://github.com/mohanenm/spam-filter
 * [new branch]      master -> master
Branch master set up to track remote branch master from origin.
]0;~/Desktop/Desktop/spam-filterxxxxxx:spam-filter ethan$ [Kxxxxxx:spam-filter ethan$ [Kxxxxxx:spam-filter ethan$ git add . 
]0;~/Desktop/Desktop/spam-filterxxxxxx:spam-filter ethan$ git c[Kcommit -m "added nex"\
> "
> "
]0;~/Desktop/Desktop/spam-filterxxxxxx:spam-filter ethan$ git ad [Kd .
]0;~/Desktop/Desktop/spam-filterxxxxxx:spam-filter ethan$ git commit -m "added nes"
[master 4b77efc] added nes
 19 files changed, 214 insertions(+), 2 deletions(-)
 create mode 100644 .Rproj.user/20B3FF0E/sources/prop/20D10783
 create mode 100644 .Rproj.user/20B3FF0E/sources/prop/63F27B6C
 create mode 100644 .Rproj.user/20B3FF0E/sources/prop/A509DAA5
 create mode 100644 .Rproj.user/20B3FF0E/sources/prop/INDEX
 create mode 100644 .Rproj.user/20B3FF0E/sources/s-FF4689B2/11FCDD65
 create mode 100644 .Rproj.user/20B3FF0E/sources/s-FF4689B2/11FCDD65-contents
 create mode 100644 .Rproj.user/20B3FF0E/sources/s-FF4689B2/3970DD1A
 create mode 100644 .Rproj.user/20B3FF0E/sources/s-FF4689B2/3970DD1A-contents
 create mode 100644 .Rproj.user/20B3FF0E/sources/s-FF4689B2/A2AECB8F-contents
 create mode 100644 .Rproj.user/20B3FF0E/sources/s-FF4689B2/D63B1A00
 create mode 100644 .Rproj.user/20B3FF0E/sources/s-FF4689B2/D63B1A00-contents
 create mode 100644 .Rproj.user/shared/notebooks/B516610D-SF-interactive/1/20B3FF0EFF4689B2/chunks.json
 create mode 100644 .Rproj.user/shared/notebooks/B516610D-SF-interactive/1/s/chunks.json
 create mode 100644 .Rproj.user/shared/notebooks/paths
 create mode 100644 README.md
 create mode 100644 SF-R/spam-filter.R
 create mode 100644 SF-interactive.Rmd
]0;~/Desktop/Desktop/spam-filterxxxxxx:spam-filter ethan$ git push 
Counting objects: 28, done.
Delta compression using up to 4 threads.
Compressing objects:   4% (1/23)   Compressing objects:   8% (2/23)   Compressing objects:  13% (3/23)   Compressing objects:  17% (4/23)   Compressing objects:  21% (5/23)   Compressing objects:  26% (6/23)   Compressing objects:  30% (7/23)   Compressing objects:  34% (8/23)   Compressing objects:  39% (9/23)   Compressing objects:  43% (10/23)   Compressing objects:  47% (11/23)   Compressing objects:  52% (12/23)   Compressing objects:  56% (13/23)   Compressing objects:  60% (14/23)   Compressing objects:  65% (15/23)   Compressing objects:  69% (16/23)   Compressing objects:  73% (17/23)   Compressing objects:  78% (18/23)   Compressing objects:  82% (19/23)   Compressing objects:  86% (20/23)   Compressing objects:  91% (21/23)   Compressing objects:  95% (22/23)   Compressing objects: 100% (23/23)   Compressing objects: 100% (23/23), done.
Writing objects:   3% (1/28)   Writing objects:   7% (2/28)   Writing objects:  10% (3/28)   Writing objects:  14% (4/28)   Writing objects:  17% (5/28)   Writing objects:  21% (6/28)   Writing objects:  25% (7/28)   Writing objects:  28% (8/28)   Writing objects:  32% (9/28)   Writing objects:  35% (10/28)   Writing objects:  39% (11/28)   Writing objects:  42% (12/28)   Writing objects:  46% (13/28)   Writing objects:  50% (14/28)   Writing objects:  57% (16/28)   Writing objects:  60% (17/28)   Writing objects:  64% (18/28)   Writing objects:  67% (19/28)   Writing objects:  71% (20/28)   Writing objects:  75% (21/28)   Writing objects:  78% (22/28)   Writing objects:  82% (23/28)   Writing objects:  85% (24/28)   Writing objects:  89% (25/28)   Writing objects:  92% (26/28)   Writing objects:  96% (27/28)   Writing objects: 100% (28/28)   Writing objects: 100% (28/28), 4.01 KiB | 0 bytes/s, done.
Total 28 (delta 3), reused 0 (delta 0)
remote: Resolving deltas:   0% (0/3)   [Kremote: Resolving deltas:  66% (2/3)   [Kremote: Resolving deltas: 100% (3/3)   [Kremote: Resolving deltas: 100% (3/3), completed with 1 local object.[K
To https://github.com/mohanenm/spam-filter
   5deb33b..4b77efc  master -> master
]0;~/Desktop/Desktop/spam-filterxxxxxx:spam-filter ethan$ git add . 
]0;~/Desktop/Desktop/spam-filterxxxxxx:spam-filter ethan$ git commit -m "added .py"
[master a2bb4c0] added .py
 9 files changed, 60 insertions(+), 4 deletions(-)
 create mode 100644 .Rproj.user/20B3FF0E/sources/prop/F1D3B170
 create mode 100644 .Rproj.user/20B3FF0E/sources/s-FF4689B2/F3D5AE24
 create mode 100644 .Rproj.user/20B3FF0E/sources/s-FF4689B2/F3D5AE24-contents
 create mode 100644 SF-py/spam-filter.py
]0;~/Desktop/Desktop/spam-filterxxxxxx:spam-filter ethan$ git push 
Counting objects: 18, done.
Delta compression using up to 4 threads.
Compressing objects:   6% (1/15)   Compressing objects:  13% (2/15)   Compressing objects:  20% (3/15)   Compressing objects:  26% (4/15)   Compressing objects:  33% (5/15)   Compressing objects:  40% (6/15)   Compressing objects:  46% (7/15)   Compressing objects:  53% (8/15)   Compressing objects:  60% (9/15)   Compressing objects:  66% (10/15)   Compressing objects:  73% (11/15)   Compressing objects:  80% (12/15)   Compressing objects:  86% (13/15)   Compressing objects:  93% (14/15)   Compressing objects: 100% (15/15)   Compressing objects: 100% (15/15), done.
Writing objects:   5% (1/18)   Writing objects:  11% (2/18)   Writing objects:  16% (3/18)   Writing objects:  22% (4/18)   Writing objects:  27% (5/18)   Writing objects:  33% (6/18)   Writing objects:  38% (7/18)   Writing objects:  44% (8/18)   Writing objects:  50% (9/18)   Writing objects:  55% (10/18)   Writing objects:  61% (11/18)   Writing objects:  66% (12/18)   Writing objects:  72% (13/18)   Writing objects:  77% (14/18)   Writing objects:  83% (15/18)   Writing objects:  88% (16/18)   Writing objects:  94% (17/18)   Writing objects: 100% (18/18)   Writing objects: 100% (18/18), 3.12 KiB | 0 bytes/s, done.
Total 18 (delta 6), reused 0 (delta 0)
remote: Resolving deltas:   0% (0/6)   [Kremote: Resolving deltas:  16% (1/6)   [Kremote: Resolving deltas:  33% (2/6)   [Kremote: Resolving deltas:  66% (4/6)   [Kremote: Resolving deltas:  83% (5/6)   [Kremote: Resolving deltas: 100% (6/6)   [Kremote: Resolving deltas: 100% (6/6), completed with 5 local objects.[K
To https://github.com/mohanenm/spam-filter
   4b77efc..a2bb4c0  master -> master
]0;~/Desktop/Desktop/spam-filterxxxxxx:spam-filter ethan$ gti add. [K[K[Kd .
bash: gti: command not found
]0;~/Desktop/Desktop/spam-filterxxxxxx:spam-filter ethan$ git commit 0[K-m "adde data[K[K[K[K[Kd data"
On branch master
Your branch is up-to-date with 'origin/master'.
Changes not staged for commit:
	[31mmodified:   .Rproj.user/20B3FF0E/console06/189CEB49[m
	[31mmodified:   .Rproj.user/20B3FF0E/sources/prop/INDEX[m
	[31mmodified:   .Rproj.user/shared/notebooks/paths[m

Untracked files:
	[31m.Rproj.user/20B3FF0E/sources/prop/3DEEEB8[m
	[31m.Rproj.user/20B3FF0E/sources/prop/DB641490[m
	[31m.Rproj.user/20B3FF0E/sources/s-FF4689B2/2D878CFB[m
	[31m.Rproj.user/20B3FF0E/sources/s-FF4689B2/2D878CFB-contents[m
	[31m.Rproj.user/20B3FF0E/sources/s-FF4689B2/3F26411A-contents[m
	[31mdata/[m

no changes added to commit
]0;~/Desktop/Desktop/spam-filterxxxxxx:spam-filter ethan$ g[Kls 
README.md		SF-interactive.Rmd	data
SF-R			SF-py			spam-filter.Rproj
]0;~/Desktop/Desktop/spam-filterxxxxxx:spam-filter ethan$ git add . 
]0;~/Desktop/Desktop/spam-filterxxxxxx:spam-filter ethan$ git commit -m "l;[K[Kdata"
[master 6ce83ec] data
 8 files changed, 13856 insertions(+)
 create mode 100644 .Rproj.user/20B3FF0E/sources/prop/3DEEEB8
 create mode 100644 .Rproj.user/20B3FF0E/sources/prop/DB641490
 create mode 100644 .Rproj.user/20B3FF0E/sources/s-FF4689B2/2D878CFB-contents
 create mode 100644 .Rproj.user/20B3FF0E/sources/s-FF4689B2/3F26411A-contents
 create mode 100644 data/data.csv
]0;~/Desktop/Desktop/spam-filterxxxxxx:spam-filter ethan$ git push 
Counting objects: 17, done.
Delta compression using up to 4 threads.
Compressing objects:   6% (1/15)   Compressing objects:  13% (2/15)   Compressing objects:  20% (3/15)   Compressing objects:  26% (4/15)   Compressing objects:  33% (5/15)   Compressing objects:  40% (6/15)   Compressing objects:  46% (7/15)   Compressing objects:  53% (8/15)   Compressing objects:  60% (9/15)   Compressing objects:  66% (10/15)   Compressing objects:  73% (11/15)   Compressing objects:  80% (12/15)   Compressing objects:  86% (13/15)   Compressing objects:  93% (14/15)   Compressing objects: 100% (15/15)   Compressing objects: 100% (15/15), done.
Writing objects:   5% (1/17)   Writing objects:  11% (2/17)   Writing objects:  17% (3/17)   Writing objects:  23% (4/17)   Writing objects:  29% (5/17)   Writing objects:  35% (6/17)   Writing objects:  41% (7/17)   Writing objects:  47% (8/17)   Writing objects:  52% (9/17)   Writing objects:  58% (10/17)   Writing objects:  64% (11/17)   Writing objects:  70% (12/17)   Writing objects:  76% (13/17)   Writing objects:  82% (14/17)   Writing objects:  88% (15/17)   Writing objects:  94% (16/17)   Writing objects: 100% (17/17)   Writing objects: 100% (17/17), 125.62 KiB | 0 bytes/s, done.
Total 17 (delta 8), reused 0 (delta 0)
remote: Resolving deltas:   0% (0/8)   [Kremote: Resolving deltas:  12% (1/8)   [Kremote: Resolving deltas:  25% (2/8)   [Kremote: Resolving deltas:  37% (3/8)   [Kremote: Resolving deltas:  50% (4/8)   [Kremote: Resolving deltas:  62% (5/8)   [Kremote: Resolving deltas:  75% (6/8)   [Kremote: Resolving deltas:  87% (7/8)   [Kremote: Resolving deltas: 100% (8/8)   [Kremote: Resolving deltas: 100% (8/8), completed with 7 local objects.[K
To https://github.com/mohanenm/spam-filter
   a2bb4c0..6ce83ec  master -> master
]0;~/Desktop/Desktop/spam-filterxxxxxx:spam-filter ethan$ gti add . [K[K[K[K[K[K[K[K[Kit add .
]0;~/Desktop/Desktop/spam-filterxxxxxx:spam-filter ethan$ git commit -m "packages"
[master 95dc13f] packages
 1 file changed, 19 insertions(+), 1 deletion(-)
]0;~/Desktop/Desktop/spam-filterxxxxxx:spam-filter ethan$ git push 
Counting objects: 6, done.
Delta compression using up to 4 threads.
Compressing objects:  16% (1/6)   Compressing objects:  33% (2/6)   Compressing objects:  50% (3/6)   Compressing objects:  66% (4/6)   Compressing objects:  83% (5/6)   Compressing objects: 100% (6/6)   Compressing objects: 100% (6/6), done.
Writing objects:  16% (1/6)   Writing objects:  33% (2/6)   Writing objects:  50% (3/6)   Writing objects:  66% (4/6)   Writing objects:  83% (5/6)   Writing objects: 100% (6/6)   Writing objects: 100% (6/6), 956 bytes | 0 bytes/s, done.
Total 6 (delta 2), reused 0 (delta 0)
remote: Resolving deltas:   0% (0/2)   [Kremote: Resolving deltas:  50% (1/2)   [Kremote: Resolving deltas: 100% (2/2)   [Kremote: Resolving deltas: 100% (2/2), completed with 2 local objects.[K
To https://github.com/mohanenm/spam-filter
   6ce83ec..95dc13f  master -> master
]0;~/Desktop/Desktop/spam-filterxxxxxx:spam-filter ethan$ 4[Kgit add . 
